2013-02-11T20:15:26.706-0600: 0.098: [GC 1316K->576K(62848K), 0.0014240 secs]
2013-02-11T20:15:26.708-0600: 0.099: [Full GC 576K->486K(62848K), 0.0044860 secs]
2013-02-11T20:15:26.713-0600: 0.104: [GC 486K->486K(62848K), 0.0005000 secs]
2013-02-11T20:15:26.713-0600: 0.105: [Full GC 486K->486K(62848K), 0.0039840 secs]
2013-02-11T20:15:26.717-0600: 0.109: [GC 486K->486K(62848K), 0.0007650 secs]
2013-02-11T20:15:26.718-0600: 0.110: [Full GC 486K->486K(62848K), 0.0038350 secs]
2013-02-11T20:15:26.722-0600: 0.113: [GC 486K->486K(62848K), 0.0005430 secs]
2013-02-11T20:15:26.723-0600: 0.114: [Full GC 486K->486K(62848K), 0.0045480 secs]
2013-02-11T20:15:26.727-0600: 0.119: [GC 486K->486K(62848K), 0.0003950 secs]
2013-02-11T20:15:26.728-0600: 0.119: [Full GC 486K->486K(62848K), 0.0036570 secs]
2013-02-11T20:15:26.731-0600: 0.123: [GC 486K->486K(62848K), 0.0005850 secs]
2013-02-11T20:15:26.732-0600: 0.123: [Full GC 486K->486K(62848K), 0.0036650 secs]
2013-02-11T20:15:26.736-0600: 0.127: [GC 486K->486K(62848K), 0.0004640 secs]
2013-02-11T20:15:26.736-0600: 0.128: [Full GC 486K->486K(62848K), 0.0035990 secs]
2013-02-11T20:15:26.740-0600: 0.131: [GC 486K->486K(62848K), 0.0005500 secs]
2013-02-11T20:15:26.740-0600: 0.132: [Full GC 486K->486K(62848K), 0.0038150 secs]
2013-02-11T20:15:26.744-0600: 0.136: [GC 486K->486K(62848K), 0.0004460 secs]
2013-02-11T20:15:26.745-0600: 0.136: [Full GC 486K->486K(62848K), 0.0036000 secs]
2013-02-11T20:15:26.748-0600: 0.140: [GC 486K->486K(62848K), 0.0003120 secs]
2013-02-11T20:15:26.749-0600: 0.140: [Full GC 486K->486K(62848K), 0.0035820 secs]
2013-02-11T20:15:26.752-0600: 0.144: [GC 486K->486K(62848K), 0.0003340 secs]
2013-02-11T20:15:26.753-0600: 0.144: [Full GC 486K->486K(62848K), 0.0036170 secs]
2013-02-11T20:15:26.756-0600: 0.148: [GC 486K->486K(62848K), 0.0004370 secs]
2013-02-11T20:15:26.757-0600: 0.148: [Full GC 486K->486K(62848K), 0.0036000 secs]
2013-02-11T20:15:26.761-0600: 0.152: [GC 486K->486K(62848K), 0.0003760 secs]
2013-02-11T20:15:26.761-0600: 0.152: [Full GC 486K->486K(62848K), 0.0035950 secs]
2013-02-11T20:15:26.765-0600: 0.156: [GC 486K->486K(62848K), 0.0004000 secs]
2013-02-11T20:15:26.765-0600: 0.157: [Full GC 486K->486K(62848K), 0.0035760 secs]
2013-02-11T20:15:26.769-0600: 0.160: [GC 486K->486K(62848K), 0.0003480 secs]
2013-02-11T20:15:26.769-0600: 0.161: [Full GC 486K->486K(62848K), 0.0035710 secs]
2013-02-11T20:15:26.773-0600: 0.164: [GC 486K->486K(62848K), 0.0003370 secs]
2013-02-11T20:15:26.773-0600: 0.164: [Full GC 486K->486K(62848K), 0.0035910 secs]
2013-02-11T20:15:26.777-0600: 0.168: [GC 486K->486K(62848K), 0.0003840 secs]
2013-02-11T20:15:26.777-0600: 0.169: [Full GC 486K->486K(62848K), 0.0035760 secs]
2013-02-11T20:15:26.781-0600: 0.172: [GC 486K->486K(62848K), 0.0003560 secs]
2013-02-11T20:15:26.781-0600: 0.173: [Full GC 486K->486K(62848K), 0.0035920 secs]
2013-02-11T20:15:26.785-0600: 0.176: [GC 486K->486K(62848K), 0.0003520 secs]
2013-02-11T20:15:26.785-0600: 0.177: [Full GC 486K->486K(62848K), 0.0035650 secs]
2013-02-11T20:15:26.789-0600: 0.180: [GC 486K->486K(62848K), 0.0004280 secs]
2013-02-11T20:15:26.789-0600: 0.181: [Full GC 486K->486K(62848K), 0.0035460 secs]
2013-02-11T20:15:26.793-0600: 0.184: [GC 815K->502K(62848K), 0.0003340 secs]
2013-02-11T20:15:26.793-0600: 0.185: [Full GC 502K->486K(62848K), 0.0037010 secs]
2013-02-11T20:15:26.797-0600: 0.188: [GC 486K->486K(62848K), 0.0004180 secs]
2013-02-11T20:15:26.797-0600: 0.189: [Full GC 486K->486K(62848K), 0.0035310 secs]
2013-02-11T20:15:26.801-0600: 0.193: [GC 486K->486K(62848K), 0.0003840 secs]
2013-02-11T20:15:26.801-0600: 0.193: [Full GC 486K->486K(62848K), 0.0035550 secs]
2013-02-11T20:15:26.805-0600: 0.197: [GC 486K->486K(62848K), 0.0003240 secs]
2013-02-11T20:15:26.805-0600: 0.197: [Full GC 486K->486K(62848K), 0.0035560 secs]
2013-02-11T20:15:26.809-0600: 0.201: [GC 486K->486K(62848K), 0.0002990 secs]
2013-02-11T20:15:26.809-0600: 0.201: [Full GC 486K->486K(62848K), 0.0035600 secs]
2013-02-11T20:15:26.813-0600: 0.204: [GC 486K->486K(62848K), 0.0002760 secs]
2013-02-11T20:15:26.813-0600: 0.205: [Full GC 486K->486K(62848K), 0.0035470 secs]
2013-02-11T20:15:26.817-0600: 0.208: [GC 486K->486K(62848K), 0.0002980 secs]
2013-02-11T20:15:26.817-0600: 0.209: [Full GC 486K->486K(62848K), 0.0035440 secs]
2013-02-11T20:15:26.821-0600: 0.212: [GC 486K->486K(62848K), 0.0002770 secs]
2013-02-11T20:15:26.821-0600: 0.213: [Full GC 486K->486K(62848K), 0.0035510 secs]
2013-02-11T20:15:26.825-0600: 0.216: [GC 486K->486K(62848K), 0.0002340 secs]
2013-02-11T20:15:26.825-0600: 0.216: [Full GC 486K->486K(62848K), 0.0035280 secs]
2013-02-11T20:15:26.828-0600: 0.220: [GC 486K->486K(62848K), 0.0002440 secs]
2013-02-11T20:15:26.829-0600: 0.220: [Full GC 486K->486K(62848K), 0.0035330 secs]
2013-02-11T20:15:26.832-0600: 0.224: [GC 486K->486K(62848K), 0.0003140 secs]
2013-02-11T20:15:26.833-0600: 0.224: [Full GC 486K->486K(62848K), 0.0035600 secs]
2013-02-11T20:15:26.836-0600: 0.228: [GC 486K->486K(62848K), 0.0002780 secs]
2013-02-11T20:15:26.837-0600: 0.228: [Full GC 486K->486K(62848K), 0.0035240 secs]
2013-02-11T20:15:26.840-0600: 0.232: [GC 486K->486K(62848K), 0.0003130 secs]
2013-02-11T20:15:26.840-0600: 0.232: [Full GC 486K->486K(62848K), 0.0035350 secs]
2013-02-11T20:15:26.844-0600: 0.236: [GC 815K->502K(62848K), 0.0002610 secs]
2013-02-11T20:15:26.844-0600: 0.236: [Full GC 502K->487K(62848K), 0.0035270 secs]
2013-02-11T20:15:26.848-0600: 0.239: [GC 487K->487K(62848K), 0.0002930 secs]
2013-02-11T20:15:26.848-0600: 0.240: [Full GC 487K->487K(62848K), 0.0035470 secs]
2013-02-11T20:15:26.852-0600: 0.243: [GC 487K->487K(62848K), 0.0002730 secs]
2013-02-11T20:15:26.852-0600: 0.244: [Full GC 487K->487K(62848K), 0.0035470 secs]
2013-02-11T20:15:26.856-0600: 0.247: [GC 487K->487K(62848K), 0.0003420 secs]
2013-02-11T20:15:26.856-0600: 0.248: [Full GC 487K->487K(62848K), 0.0035390 secs]
2013-02-11T20:15:26.860-0600: 0.251: [GC 487K->487K(62848K), 0.0002320 secs]
2013-02-11T20:15:26.860-0600: 0.252: [Full GC 487K->487K(62848K), 0.0035050 secs]
2013-02-11T20:15:26.864-0600: 0.255: [GC 487K->487K(62848K), 0.0002880 secs]
2013-02-11T20:15:26.864-0600: 0.255: [Full GC 487K->487K(62848K), 0.0035190 secs]
2013-02-11T20:15:26.867-0600: 0.259: [GC 487K->487K(62848K), 0.0002650 secs]
2013-02-11T20:15:26.868-0600: 0.259: [Full GC 487K->487K(62848K), 0.0034950 secs]
2013-02-11T20:15:26.871-0600: 0.263: [GC 487K->487K(62848K), 0.0003850 secs]
2013-02-11T20:15:26.872-0600: 0.263: [Full GC 487K->487K(62848K), 0.0035450 secs]
2013-02-11T20:15:26.875-0600: 0.267: [GC 487K->487K(62848K), 0.0003630 secs]
2013-02-11T20:15:26.876-0600: 0.267: [Full GC 487K->487K(62848K), 0.0035380 secs]
2013-02-11T20:15:26.879-0600: 0.271: [GC 487K->487K(62848K), 0.0002800 secs]
2013-02-11T20:15:26.879-0600: 0.271: [Full GC 487K->487K(62848K), 0.0035340 secs]
2013-02-11T20:15:26.883-0600: 0.275: [GC 487K->487K(62848K), 0.0002580 secs]
2013-02-11T20:15:26.883-0600: 0.275: [Full GC 487K->487K(62848K), 0.0035550 secs]
2013-02-11T20:15:26.887-0600: 0.278: [GC 487K->487K(62848K), 0.0003880 secs]
2013-02-11T20:15:26.887-0600: 0.279: [Full GC 487K->487K(62848K), 0.0035690 secs]
2013-02-11T20:15:26.891-0600: 0.283: [GC 487K->487K(62848K), 0.0003040 secs]
2013-02-11T20:15:26.891-0600: 0.283: [Full GC 487K->487K(62848K), 0.0035720 secs]
2013-02-11T20:15:26.895-0600: 0.286: [GC 487K->487K(62848K), 0.0002750 secs]
2013-02-11T20:15:26.895-0600: 0.287: [Full GC 487K->487K(62848K), 0.0035700 secs]
2013-02-11T20:15:26.899-0600: 0.290: [GC 816K->503K(62848K), 0.0002830 secs]
2013-02-11T20:15:26.899-0600: 0.291: [Full GC 503K->487K(62848K), 0.0037630 secs]
2013-02-11T20:15:26.903-0600: 0.295: [GC 487K->487K(62848K), 0.0002890 secs]
2013-02-11T20:15:26.903-0600: 0.295: [Full GC 487K->487K(62848K), 0.0037330 secs]
2013-02-11T20:15:26.907-0600: 0.299: [GC 487K->487K(62848K), 0.0002580 secs]
2013-02-11T20:15:26.907-0600: 0.299: [Full GC 487K->487K(62848K), 0.0035480 secs]
2013-02-11T20:15:26.911-0600: 0.303: [GC 816K->503K(62848K), 0.0003540 secs]
2013-02-11T20:15:26.911-0600: 0.303: [Full GC 503K->487K(62848K), 0.0035610 secs]
2013-02-11T20:15:26.915-0600: 0.307: [GC 487K->487K(62848K), 0.0004160 secs]
2013-02-11T20:15:26.915-0600: 0.307: [Full GC 487K->487K(62848K), 0.0035390 secs]
2013-02-11T20:15:26.919-0600: 0.311: [GC 816K->519K(62848K), 0.0003650 secs]
2013-02-11T20:15:26.920-0600: 0.311: [Full GC 519K->487K(62848K), 0.0035430 secs]
2013-02-11T20:15:26.923-0600: 0.315: [GC 487K->487K(62848K), 0.0003340 secs]
2013-02-11T20:15:26.924-0600: 0.315: [Full GC 487K->487K(62848K), 0.0035600 secs]
2013-02-11T20:15:26.927-0600: 0.319: [GC 816K->503K(62848K), 0.0003750 secs]
2013-02-11T20:15:26.928-0600: 0.319: [Full GC 503K->487K(62848K), 0.0035330 secs]
2013-02-11T20:15:26.931-0600: 0.323: [GC 487K->487K(62848K), 0.0003790 secs]
2013-02-11T20:15:26.932-0600: 0.323: [Full GC 487K->487K(62848K), 0.0035490 secs]
2013-02-11T20:15:26.935-0600: 0.327: [GC 816K->503K(62848K), 0.0002930 secs]
2013-02-11T20:15:26.936-0600: 0.327: [Full GC 503K->487K(62848K), 0.0035400 secs]
2013-02-11T20:15:26.939-0600: 0.331: [GC 487K->487K(62848K), 0.0002870 secs]
2013-02-11T20:15:26.939-0600: 0.331: [Full GC 487K->487K(62848K), 0.0035630 secs]
2013-02-11T20:15:26.943-0600: 0.335: [GC 487K->487K(62848K), 0.0003790 secs]
2013-02-11T20:15:26.943-0600: 0.335: [Full GC 487K->487K(62848K), 0.0035950 secs]
2013-02-11T20:15:26.947-0600: 0.339: [GC 816K->503K(62848K), 0.0003640 secs]
2013-02-11T20:15:26.948-0600: 0.339: [Full GC 503K->487K(62848K), 0.0038120 secs]
2013-02-11T20:15:26.951-0600: 0.343: [GC 487K->487K(62848K), 0.0003520 secs]
2013-02-11T20:15:26.952-0600: 0.343: [Full GC 487K->487K(62848K), 0.0035580 secs]
2013-02-11T20:15:26.955-0600: 0.347: [GC 487K->487K(62848K), 0.0003620 secs]
2013-02-11T20:15:26.956-0600: 0.347: [Full GC 487K->487K(62848K), 0.0035290 secs]
2013-02-11T20:15:26.959-0600: 0.351: [GC 487K->487K(62848K), 0.0003630 secs]
2013-02-11T20:15:26.960-0600: 0.351: [Full GC 487K->487K(62848K), 0.0035080 secs]
2013-02-11T20:15:26.963-0600: 0.355: [GC 487K->487K(62848K), 0.0003310 secs]
2013-02-11T20:15:26.964-0600: 0.355: [Full GC 487K->482K(62848K), 0.0038060 secs]
2013-02-11T20:15:26.968-0600: 0.359: [GC 482K->482K(62848K), 0.0003650 secs]
2013-02-11T20:15:26.968-0600: 0.359: [Full GC 482K->482K(62848K), 0.0035340 secs]
2013-02-11T20:15:26.972-0600: 0.363: [GC 482K->482K(62848K), 0.0003300 secs]
2013-02-11T20:15:26.972-0600: 0.363: [Full GC 482K->482K(62848K), 0.0035340 secs]
2013-02-11T20:15:26.976-0600: 0.367: [GC 482K->482K(62848K), 0.0003220 secs]
2013-02-11T20:15:26.976-0600: 0.367: [Full GC 482K->482K(62848K), 0.0035230 secs]
2013-02-11T20:15:26.979-0600: 0.371: [GC 482K->482K(62848K), 0.0003220 secs]
2013-02-11T20:15:26.980-0600: 0.371: [Full GC 482K->482K(62848K), 0.0035200 secs]
2013-02-11T20:15:26.983-0600: 0.375: [GC 482K->482K(62848K), 0.0003030 secs]
2013-02-11T20:15:26.984-0600: 0.375: [Full GC 482K->482K(62848K), 0.0035370 secs]
2013-02-11T20:15:26.987-0600: 0.379: [GC 482K->482K(62848K), 0.0003230 secs]
2013-02-11T20:15:26.988-0600: 0.379: [Full GC 482K->482K(62848K), 0.0035150 secs]
2013-02-11T20:15:26.991-0600: 0.383: [GC 482K->482K(62848K), 0.0003050 secs]
2013-02-11T20:15:26.992-0600: 0.383: [Full GC 482K->482K(62848K), 0.0035080 secs]
2013-02-11T20:15:26.995-0600: 0.387: [GC 482K->482K(62848K), 0.0003320 secs]
2013-02-11T20:15:26.995-0600: 0.387: [Full GC 482K->482K(62848K), 0.0035060 secs]
2013-02-11T20:15:26.999-0600: 0.391: [GC 482K->482K(62848K), 0.0002520 secs]
2013-02-11T20:15:26.999-0600: 0.391: [Full GC 482K->482K(62848K), 0.0035190 secs]
2013-02-11T20:15:27.003-0600: 0.394: [GC 482K->482K(62848K), 0.0003050 secs]
2013-02-11T20:15:27.003-0600: 0.395: [Full GC 482K->482K(62848K), 0.0035430 secs]
2013-02-11T20:15:27.007-0600: 0.398: [GC 482K->482K(62848K), 0.0002800 secs]
2013-02-11T20:15:27.007-0600: 0.399: [Full GC 482K->482K(62848K), 0.0035210 secs]
2013-02-11T20:15:27.011-0600: 0.402: [GC 482K->482K(62848K), 0.0003130 secs]
2013-02-11T20:15:27.011-0600: 0.403: [Full GC 482K->482K(62848K), 0.0035530 secs]
2013-02-11T20:15:27.015-0600: 0.406: [GC 482K->482K(62848K), 0.0004020 secs]
2013-02-11T20:15:27.015-0600: 0.407: [Full GC 482K->482K(62848K), 0.0035340 secs]
2013-02-11T20:15:27.019-0600: 0.410: [GC 482K->482K(62848K), 0.0003310 secs]
2013-02-11T20:15:27.019-0600: 0.411: [Full GC 482K->482K(62848K), 0.0035390 secs]
2013-02-11T20:15:27.023-0600: 0.414: [GC 482K->482K(62848K), 0.0003630 secs]
2013-02-11T20:15:27.023-0600: 0.414: [Full GC 482K->482K(62848K), 0.0035500 secs]
2013-02-11T20:15:27.027-0600: 0.418: [GC 482K->482K(62848K), 0.0003430 secs]
2013-02-11T20:15:27.027-0600: 0.418: [Full GC 482K->482K(62848K), 0.0035220 secs]
2013-02-11T20:15:27.031-0600: 0.422: [GC 482K->482K(62848K), 0.0003260 secs]
2013-02-11T20:15:27.031-0600: 0.422: [Full GC 482K->482K(62848K), 0.0035230 secs]
2013-02-11T20:15:27.034-0600: 0.426: [GC 482K->482K(62848K), 0.0003650 secs]
2013-02-11T20:15:27.035-0600: 0.426: [Full GC 482K->482K(62848K), 0.0035010 secs]
2013-02-11T20:15:27.038-0600: 0.430: [GC 482K->482K(62848K), 0.0003000 secs]
2013-02-11T20:15:27.039-0600: 0.430: [Full GC 482K->482K(62848K), 0.0035090 secs]
2013-02-11T20:15:27.042-0600: 0.434: [GC 482K->482K(62848K), 0.0004570 secs]
2013-02-11T20:15:27.043-0600: 0.434: [Full GC 482K->482K(62848K), 0.0036010 secs]
2013-02-11T20:15:27.046-0600: 0.438: [GC 482K->482K(62848K), 0.0004570 secs]
2013-02-11T20:15:27.047-0600: 0.438: [Full GC 482K->482K(62848K), 0.0036090 secs]
2013-02-11T20:15:27.051-0600: 0.442: [GC 482K->482K(62848K), 0.0003740 secs]
2013-02-11T20:15:27.051-0600: 0.442: [Full GC 482K->482K(62848K), 0.0036140 secs]
2013-02-11T20:15:27.055-0600: 0.446: [GC 482K->482K(62848K), 0.0003630 secs]
2013-02-11T20:15:27.055-0600: 0.446: [Full GC 482K->482K(62848K), 0.0036080 secs]
2013-02-11T20:15:27.059-0600: 0.450: [GC 482K->482K(62848K), 0.0003770 secs]
2013-02-11T20:15:27.059-0600: 0.451: [Full GC 482K->482K(62848K), 0.0036060 secs]
2013-02-11T20:15:27.063-0600: 0.454: [GC 482K->482K(62848K), 0.0003410 secs]
2013-02-11T20:15:27.063-0600: 0.455: [Full GC 482K->482K(62848K), 0.0036300 secs]
2013-02-11T20:15:27.067-0600: 0.458: [GC 482K->482K(62848K), 0.0002990 secs]
2013-02-11T20:15:27.067-0600: 0.459: [Full GC 482K->482K(62848K), 0.0036160 secs]
2013-02-11T20:15:27.071-0600: 0.462: [GC 482K->482K(62848K), 0.0003970 secs]
2013-02-11T20:15:27.071-0600: 0.463: [Full GC 482K->482K(62848K), 0.0036660 secs]
2013-02-11T20:15:27.075-0600: 0.466: [GC 482K->482K(62848K), 0.0003160 secs]
2013-02-11T20:15:27.075-0600: 0.467: [Full GC 482K->482K(62848K), 0.0036080 secs]
2013-02-11T20:15:27.079-0600: 0.470: [GC 482K->482K(62848K), 0.0003140 secs]
2013-02-11T20:15:27.079-0600: 0.471: [Full GC 482K->482K(62848K), 0.0035740 secs]
2013-02-11T20:15:27.083-0600: 0.474: [GC 482K->482K(62848K), 0.0003450 secs]
2013-02-11T20:15:27.083-0600: 0.475: [Full GC 482K->482K(62848K), 0.0036240 secs]
2013-02-11T20:15:27.087-0600: 0.478: [GC 482K->482K(62848K), 0.0004670 secs]
2013-02-11T20:15:27.087-0600: 0.479: [Full GC 482K->482K(62848K), 0.0037790 secs]
2013-02-11T20:15:27.091-0600: 0.483: [GC 482K->482K(62848K), 0.0002690 secs]
2013-02-11T20:15:27.091-0600: 0.483: [Full GC 482K->482K(62848K), 0.0036290 secs]
2013-02-11T20:15:27.095-0600: 0.487: [GC 482K->482K(62848K), 0.0003340 secs]
2013-02-11T20:15:27.096-0600: 0.487: [Full GC 482K->482K(62848K), 0.0035950 secs]
2013-02-11T20:15:27.099-0600: 0.491: [GC 482K->482K(62848K), 0.0002480 secs]
2013-02-11T20:15:27.099-0600: 0.491: [Full GC 482K->482K(62848K), 0.0035940 secs]
2013-02-11T20:15:27.103-0600: 0.495: [GC 482K->482K(62848K), 0.0003510 secs]
2013-02-11T20:15:27.104-0600: 0.495: [Full GC 482K->482K(62848K), 0.0037060 secs]
2013-02-11T20:15:27.107-0600: 0.499: [GC 482K->482K(62848K), 0.0003680 secs]
2013-02-11T20:15:27.108-0600: 0.499: [Full GC 482K->482K(62848K), 0.0035920 secs]